stm32l0xx_hal_flash_ramfunc.c:414:19:FLASHRAM_SetErrorCode	0	static
stm32l0xx_hal_flash_ramfunc.c:474:20:FLASHRAM_WaitForLastOperation	8	static
stm32l0xx_hal_flash_ramfunc.c:131:12:HAL_FLASHEx_EnableRunPowerDown	0	static
stm32l0xx_hal_flash_ramfunc.c:144:12:HAL_FLASHEx_DisableRunPowerDown	0	static
stm32l0xx_hal_flash_ramfunc.c:181:12:HAL_FLASHEx_EraseParallelPage	24	static
stm32l0xx_hal_flash_ramfunc.c:240:12:HAL_FLASHEx_ProgramParallelHalfPage	24	static
stm32l0xx_hal_flash_ramfunc.c:321:12:HAL_FLASHEx_HalfPageProgram	16	static
stm32l0xx_hal_flash_ramfunc.c:392:12:HAL_FLASHEx_GetError	0	static
